warning: `VIRTUAL_ENV=C:\Users\grant\tools\auto-dev-mcp\.venv` does not match the project environment path `.venv` and will be ignored; use `--active` to target the active environment instead
.............s.......................................................... [  2%]
........................................................................ [  5%]
........................................................................ [  8%]
........................................................................ [ 11%]
........................................................................ [ 14%]
........................................................................ [ 17%]
........................................................................ [ 20%]
........................................................................ [ 23%]
........................................................................ [ 26%]
........................................................................ [ 29%]
........................................................................ [ 32%]
........................................................................ [ 35%]
........................................................................ [ 38%]
........................................................................ [ 41%]
........................................................................ [ 44%]
........................................................................ [ 47%]
........................................................................ [ 50%]
........................................................................ [ 53%]
........................................................................ [ 56%]
........................................................................ [ 59%]
........................................................................ [ 62%]
........................................................................ [ 65%]
........................................................................ [ 68%]
........................................................................ [ 71%]
........................................................................ [ 74%]
........................................................................ [ 77%]
........................................................................ [ 80%]
......s................................................................. [ 83%]
........................................................................ [ 86%]
........................................................................ [ 89%]
........................................................................ [ 92%]
........................................................................ [ 95%]
..................................s..................................... [ 98%]
..............................................                           [100%]
2419 passed, 3 skipped in 358.25s (0:05:58)
