warning: `VIRTUAL_ENV=C:\Users\grant\tools\auto-dev-mcp\.venv` does not match the project environment path `.venv` and will be ignored; use `--active` to target the active environment instead
.............................s.......................................... [  2%]
........................................................................ [  5%]
........................................................................ [  8%]
........................................................................ [ 11%]
........................................................................ [ 13%]
........................................................................ [ 16%]
........................................................................ [ 19%]
........................................................................ [ 22%]
........................................................................ [ 24%]
........................................................................ [ 27%]
........................................................................ [ 30%]
........................................................................ [ 33%]
........................................................................ [ 35%]
........................................................................ [ 38%]
........................................................................ [ 41%]
........................................................................ [ 44%]
........................................................................ [ 46%]
........................................................................ [ 49%]
........................................................................ [ 52%]
........................................................................ [ 55%]
........................................................................ [ 57%]
........................................................................ [ 60%]
........................................................................ [ 63%]
........................................................................ [ 66%]
........................................................................ [ 68%]
........................................................................ [ 71%]
........................................................................ [ 74%]
........................................................................ [ 77%]
..........................................................s............. [ 79%]
........................................................................ [ 82%]
........................................................................ [ 85%]
........................................................................ [ 88%]
........................................................................ [ 90%]
........................................................................ [ 93%]
............................................................s........... [ 96%]
........................................................................ [ 99%]
..........................                                               [100%]
2615 passed, 3 skipped in 351.26s (0:05:51)
